$ sudo apt-key adv --keyserver hkp://keyserver.ubuntu.com:80 --recv EA312927

$ echo "deb http://repo.mongodb.org/apt/ubuntu trusty/mongodb-org/3.2 multiverse" | sudo tee /etc/apt/sources.list.d/mongodb-org-3.2.list

$ sudo apt-get update

$ sudo apt-get install -y mongodb-org

$ sudo apt-get install php5-mongo //installing php 5 mongo driver

$ mongo

> use admin

> db.createUser({user: "admin", pwd: "pass", roles: ["userAdminAnyDatabase", "dbAdminAnyDatabase", "readWriteAnyDatabase"]})

// Change the authSchema to 3 so that you use MONGODB-CR 
> var schema = db.system.version.findOne({"_id" : "authSchema"})
> schema.currentVersion = 3
> db.system.version.save(schema)

// drop users and create again (wierd but this is just a hack)
> db.system.users.remove({})
> db.createUser({user: "user", pwd: "pass", roles: ["userAdminAnyDatabase", "dbAdminAnyDatabase", "readWriteAnyDatabase"]})
> exit

$ sudo vi /etc/mongod.conf // to edit this to enable security authorization by adding:

security:
  authorization: enabled


$ sudo service mongod restart // restarting mongo so that it starts with auth enabled

$ mongo

> use admin
> db.auth("admin", "admin")
> use vdb
> db.createUser({user: "vuser", pwd: "vpass", roles: [{role: "readWrite", db: "vdb"}]})
> exit

$ mongo
> use vdb
> db.auth("vuser","vpass")
1

if 1 then all is well


solutions stolen from:
1. https://docs.mongodb.com/manual/tutorial/install-mongodb-on-ubuntu/
2. http://zacvineyard.com/blog/2013/02/the-easy-way-to-install-the-mongodb-php-driver-on-ubuntu-1204
3. http://stackoverflow.com/questions/29006887/mongodb-cr-authentication-failed
 


